// Jest Snapshot v1, https://goo.gl/fbAQLP

exports[`Single Item Component renders single item correctly 1`] = `
<DocumentFragment>
  <div
    class="rounded-lg border border-[#ccc] bg-white overflow-hidden py-8 px-4 flex flex-col justify-center items-center cursor-pointer hover:shadow-lg relative"
    data-testid="singleItem"
  >
    <img
      alt="item-image"
      class="w-full"
      data-nimg="1"
      decoding="async"
      height="40"
      loading="lazy"
      src="/_next/image?url=%2Fimg.jpg&w=96&q=75"
      srcset="/_next/image?url=%2Fimg.jpg&w=48&q=75 1x, /_next/image?url=%2Fimg.jpg&w=96&q=75 2x"
      style="color: transparent;"
      width="40"
    />
    <div
      class="text-[#27abce] mt-2 font-semibold"
    >
      Item A
    </div>
    <div
      class="font-semibold text-sm my-2"
    >
      50 Pence each
    </div>
    <div
      class="font-semibold text-sm mb-2"
    >
      Â£1.3 for 3
    </div>
    <button
      class="w-full py-2 font-semibold border-none rounded-md text-sm bg-[#f52421] hover:bg-[#ef3b39] text-white undefined "
      data-testid="addItem"
    >
      Add To Cart
    </button>
  </div>
</DocumentFragment>
`;
